Microsoft Windows [Version 10.0.22621.6060]
(c) Microsoft Corporation. All rights reserved.

C:\dev\GUImorph-clean\integrated-guimorph-development_EOC\Project\GUImorphDevelopment>cd C:\dev\GUImorph-clean

C:\dev\GUImorph-clean>git pull origin macos-test
From https://github.com/dreoc/GUImorph
 * branch            macos-test -> FETCH_HEAD
Already up to date.

C:\dev\GUImorph-clean>git apply fixes\macos\fix-version-from-description.patch
error: can't open patch 'fixes/macos/fix-version-from-description.patch': No such file or directory

C:\dev\GUImorph-clean>git add -f integrated-guimorph-development_EOC/Project/GUImorphDevelopment/R

C:\dev\GUImorph-clean>git commit -m "fix(version): derive module banners from DESCRIPTION instead of hardcoding"
[macos-test b063e6b] fix(version): derive module banners from DESCRIPTION instead of hardcoding
 41 files changed, 63559 insertions(+)
 create mode 100644 integrated-guimorph-development_EOC/Project/GUImorphDevelopment/R/3dDigitize.curve.r.bak-20260711-120407
 create mode 100644 integrated-guimorph-development_EOC/Project/GUImorphDevelopment/R/3dDigitize.curve.r.bak-20260711-140409
 create mode 100644 integrated-guimorph-development_EOC/Project/GUImorphDevelopment/R/3dDigitize.curve.r.bak-20260711-142152
 create mode 100644 integrated-guimorph-development_EOC/Project/GUImorphDevelopment/R/3dDigitize.digitize.r.bak-20260711-120407
 create mode 100644 integrated-guimorph-development_EOC/Project/GUImorphDevelopment/R/3dDigitize.digitize.r.bak-20260711-140409
 create mode 100644 integrated-guimorph-development_EOC/Project/GUImorphDevelopment/R/3dDigitize.digitize.r.bak-20260711-142152
 create mode 100644 integrated-guimorph-development_EOC/Project/GUImorphDevelopment/R/3dDigitize.digitize.r.bak-20260711-142624
 create mode 100644 integrated-guimorph-development_EOC/Project/GUImorphDevelopment/R/3dDigitize.digitize.r.orig-bak
 create mode 100644 integrated-guimorph-development_EOC/Project/GUImorphDevelopment/R/3dDigitize.geomorph.r.bak-20260711-120407
 create mode 100644 integrated-guimorph-development_EOC/Project/GUImorphDevelopment/R/3dDigitize.geomorph.r.bak-20260711-140409
 create mode 100644 integrated-guimorph-development_EOC/Project/GUImorphDevelopment/R/3dDigitize.geomorph.r.bak-20260711-142152
 create mode 100644 integrated-guimorph-development_EOC/Project/GUImorphDevelopment/R/3dDigitize.geomorph.r.bak-20260711-172039
 create mode 100644 integrated-guimorph-development_EOC/Project/GUImorphDevelopment/R/3dDigitize.geomorph.r.bak-20260711-175931
 create mode 100644 integrated-guimorph-development_EOC/Project/GUImorphDevelopment/R/3dDigitize.geomorph.r.bak-20260711-213928
 create mode 100644 integrated-guimorph-development_EOC/Project/GUImorphDevelopment/R/3dDigitize.geomorph.r.bak-20260711-214425
 create mode 100644 integrated-guimorph-development_EOC/Project/GUImorphDevelopment/R/3dDigitize.geomorph.r.bak-20260712-110228
 create mode 100644 integrated-guimorph-development_EOC/Project/GUImorphDevelopment/R/3dDigitize.geomorph.r.bak-20260712-112136
 create mode 100644 integrated-guimorph-development_EOC/Project/GUImorphDevelopment/R/3dDigitize.geomorph.r.pre-plots-bak
 create mode 100644 integrated-guimorph-development_EOC/Project/GUImorphDevelopment/R/3dDigitize.main.r.bak-20260707-094543
 create mode 100644 integrated-guimorph-development_EOC/Project/GUImorphDevelopment/R/3dDigitize.main.r.bak-20260707-101023
 create mode 100644 integrated-guimorph-development_EOC/Project/GUImorphDevelopment/R/3dDigitize.main.r.bak-20260711-120407
 create mode 100644 integrated-guimorph-development_EOC/Project/GUImorphDevelopment/R/3dDigitize.main.r.bak-20260711-140409
 create mode 100644 integrated-guimorph-development_EOC/Project/GUImorphDevelopment/R/3dDigitize.main.r.bak-20260711-142152
 create mode 100644 integrated-guimorph-development_EOC/Project/GUImorphDevelopment/R/3dDigitize.main.r.bak-20260711-212743
 create mode 100644 integrated-guimorph-development_EOC/Project/GUImorphDevelopment/R/3dDigitize.main.r.bak-20260711-221311
 create mode 100644 integrated-guimorph-development_EOC/Project/GUImorphDevelopment/R/3dDigitize.main.r.bak-20260712-065610
 create mode 100644 integrated-guimorph-development_EOC/Project/GUImorphDevelopment/R/3dDigitize.main.r.bak-20260712-110228
 create mode 100644 integrated-guimorph-development_EOC/Project/GUImorphDevelopment/R/3dDigitize.main.r.orig-bak
 create mode 100644 integrated-guimorph-development_EOC/Project/GUImorphDevelopment/R/3dDigitize.main.r.pre-merge-bak
 create mode 100644 integrated-guimorph-development_EOC/Project/GUImorphDevelopment/R/3dDigitize.surface.r.bak-20260711-120407
 create mode 100644 integrated-guimorph-development_EOC/Project/GUImorphDevelopment/R/3dDigitize.surface.r.bak-20260711-140409
 create mode 100644 integrated-guimorph-development_EOC/Project/GUImorphDevelopment/R/3dDigitize.surface.r.bak-20260711-142152
 create mode 100644 integrated-guimorph-development_EOC/Project/GUImorphDevelopment/R/geomorph.support.code.r.bak-20260711-140409
 create mode 100644 integrated-guimorph-development_EOC/Project/GUImorphDevelopment/R/geomorph.support.code.r.bak-20260711-142152
 create mode 100644 integrated-guimorph-development_EOC/Project/GUImorphDevelopment/R/geomorph.support.code.r.bak-20260711-203316
 create mode 100644 integrated-guimorph-development_EOC/Project/GUImorphDevelopment/R/rtkogl.R.bak-20260711-120407
 create mode 100644 integrated-guimorph-development_EOC/Project/GUImorphDevelopment/R/rtkogl.R.bak-20260711-122643
 create mode 100644 integrated-guimorph-development_EOC/Project/GUImorphDevelopment/R/rtkogl.R.bak-20260711-140409
 create mode 100644 integrated-guimorph-development_EOC/Project/GUImorphDevelopment/R/rtkogl.R.bak-20260711-142152
 create mode 100644 integrated-guimorph-development_EOC/Project/GUImorphDevelopment/R/rtkogl.R.bak-20260711-180110
 create mode 100644 integrated-guimorph-development_EOC/Project/GUImorphDevelopment/R/rtkogl.R.bak-20260712-073536

C:\dev\GUImorph-clean>git push origin macos-test
Enumerating objects: 51, done.
Counting objects: 100% (51/51), done.
Delta compression using up to 16 threads
Compressing objects: 100% (46/46), done.
Writing objects: 100% (46/46), 193.37 KiB | 5.52 MiB/s, done.
Total 46 (delta 22), reused 0 (delta 0), pack-reused 0 (from 0)
remote: Resolving deltas: 100% (22/22), completed with 2 local objects.
To https://github.com/dreoc/GUImorph.git
   a197cb2..b063e6b  macos-test -> macos-test

C:\dev\GUImorph-clean>cd C:\dev\GUImorph-clean

C:\dev\GUImorph-clean>git pull origin macos-test
From https://github.com/dreoc/GUImorph
 * branch            macos-test -> FETCH_HEAD
Already up to date.

C:\dev\GUImorph-clean>git apply fixes\macos\fix-version-from-description.patch

C:\dev\GUImorph-clean>git add -f integrated-guimorph-development_EOC/Project/GUImorphDevelopment/R

C:\dev\GUImorph-clean>git commit -m "fix(version): derive module banners from DESCRIPTION instead of hardcoding"
[macos-test 1df3373] fix(version): derive module banners from DESCRIPTION instead of hardcoding
 7 files changed, 32 insertions(+), 12 deletions(-)

C:\dev\GUImorph-clean>git push origin macos-test
Enumerating objects: 25, done.
Counting objects: 100% (25/25), done.
Delta compression using up to 16 threads
Compressing objects: 100% (13/13), done.
Writing objects: 100% (13/13), 1.92 KiB | 981.00 KiB/s, done.
Total 13 (delta 10), reused 0 (delta 0), pack-reused 0 (from 0)
remote: Resolving deltas: 100% (10/10), completed with 10 local objects.
To https://github.com/dreoc/GUImorph.git
   b063e6b..1df3373  macos-test -> macos-test

C:\dev\GUImorph-clean>cd C:\dev\GUImorph-clean

C:\dev\GUImorph-clean>git rm --cached "integrated-guimorph-development_EOC/Project/GUImorphDevelopment/R/*bak*"
rm 'integrated-guimorph-development_EOC/Project/GUImorphDevelopment/R/3dDigitize.curve.r.bak-20260711-120407'
rm 'integrated-guimorph-development_EOC/Project/GUImorphDevelopment/R/3dDigitize.curve.r.bak-20260711-140409'
rm 'integrated-guimorph-development_EOC/Project/GUImorphDevelopment/R/3dDigitize.curve.r.bak-20260711-142152'
rm 'integrated-guimorph-development_EOC/Project/GUImorphDevelopment/R/3dDigitize.digitize.r.bak-20260711-120407'
rm 'integrated-guimorph-development_EOC/Project/GUImorphDevelopment/R/3dDigitize.digitize.r.bak-20260711-140409'
rm 'integrated-guimorph-development_EOC/Project/GUImorphDevelopment/R/3dDigitize.digitize.r.bak-20260711-142152'
rm 'integrated-guimorph-development_EOC/Project/GUImorphDevelopment/R/3dDigitize.digitize.r.bak-20260711-142624'
rm 'integrated-guimorph-development_EOC/Project/GUImorphDevelopment/R/3dDigitize.digitize.r.orig-bak'
rm 'integrated-guimorph-development_EOC/Project/GUImorphDevelopment/R/3dDigitize.geomorph.r.bak-20260711-120407'
rm 'integrated-guimorph-development_EOC/Project/GUImorphDevelopment/R/3dDigitize.geomorph.r.bak-20260711-140409'
rm 'integrated-guimorph-development_EOC/Project/GUImorphDevelopment/R/3dDigitize.geomorph.r.bak-20260711-142152'
rm 'integrated-guimorph-development_EOC/Project/GUImorphDevelopment/R/3dDigitize.geomorph.r.bak-20260711-172039'
rm 'integrated-guimorph-development_EOC/Project/GUImorphDevelopment/R/3dDigitize.geomorph.r.bak-20260711-175931'
rm 'integrated-guimorph-development_EOC/Project/GUImorphDevelopment/R/3dDigitize.geomorph.r.bak-20260711-213928'
rm 'integrated-guimorph-development_EOC/Project/GUImorphDevelopment/R/3dDigitize.geomorph.r.bak-20260711-214425'
rm 'integrated-guimorph-development_EOC/Project/GUImorphDevelopment/R/3dDigitize.geomorph.r.bak-20260712-110228'
rm 'integrated-guimorph-development_EOC/Project/GUImorphDevelopment/R/3dDigitize.geomorph.r.bak-20260712-112136'
rm 'integrated-guimorph-development_EOC/Project/GUImorphDevelopment/R/3dDigitize.geomorph.r.pre-plots-bak'
rm 'integrated-guimorph-development_EOC/Project/GUImorphDevelopment/R/3dDigitize.main.r.bak-20260707-094543'
rm 'integrated-guimorph-development_EOC/Project/GUImorphDevelopment/R/3dDigitize.main.r.bak-20260707-101023'
rm 'integrated-guimorph-development_EOC/Project/GUImorphDevelopment/R/3dDigitize.main.r.bak-20260711-120407'
rm 'integrated-guimorph-development_EOC/Project/GUImorphDevelopment/R/3dDigitize.main.r.bak-20260711-140409'
rm 'integrated-guimorph-development_EOC/Project/GUImorphDevelopment/R/3dDigitize.main.r.bak-20260711-142152'
rm 'integrated-guimorph-development_EOC/Project/GUImorphDevelopment/R/3dDigitize.main.r.bak-20260711-212743'
rm 'integrated-guimorph-development_EOC/Project/GUImorphDevelopment/R/3dDigitize.main.r.bak-20260711-221311'
rm 'integrated-guimorph-development_EOC/Project/GUImorphDevelopment/R/3dDigitize.main.r.bak-20260712-065610'
rm 'integrated-guimorph-development_EOC/Project/GUImorphDevelopment/R/3dDigitize.main.r.bak-20260712-110228'
rm 'integrated-guimorph-development_EOC/Project/GUImorphDevelopment/R/3dDigitize.main.r.orig-bak'
rm 'integrated-guimorph-development_EOC/Project/GUImorphDevelopment/R/3dDigitize.main.r.pre-merge-bak'
rm 'integrated-guimorph-development_EOC/Project/GUImorphDevelopment/R/3dDigitize.surface.r.bak-20260711-120407'
rm 'integrated-guimorph-development_EOC/Project/GUImorphDevelopment/R/3dDigitize.surface.r.bak-20260711-140409'
rm 'integrated-guimorph-development_EOC/Project/GUImorphDevelopment/R/3dDigitize.surface.r.bak-20260711-142152'
rm 'integrated-guimorph-development_EOC/Project/GUImorphDevelopment/R/geomorph.support.code.r.bak-20260711-140409'
rm 'integrated-guimorph-development_EOC/Project/GUImorphDevelopment/R/geomorph.support.code.r.bak-20260711-142152'
rm 'integrated-guimorph-development_EOC/Project/GUImorphDevelopment/R/geomorph.support.code.r.bak-20260711-203316'
rm 'integrated-guimorph-development_EOC/Project/GUImorphDevelopment/R/rtkogl.R.bak-20260711-120407'
rm 'integrated-guimorph-development_EOC/Project/GUImorphDevelopment/R/rtkogl.R.bak-20260711-122643'
rm 'integrated-guimorph-development_EOC/Project/GUImorphDevelopment/R/rtkogl.R.bak-20260711-140409'
rm 'integrated-guimorph-development_EOC/Project/GUImorphDevelopment/R/rtkogl.R.bak-20260711-142152'
rm 'integrated-guimorph-development_EOC/Project/GUImorphDevelopment/R/rtkogl.R.bak-20260711-180110'
rm 'integrated-guimorph-development_EOC/Project/GUImorphDevelopment/R/rtkogl.R.bak-20260712-073536'

C:\dev\GUImorph-clean>git commit -m "chore: untrack editor backups committed by mistake"
[macos-test 097fdc8] chore: untrack editor backups committed by mistake
 41 files changed, 63559 deletions(-)
 delete mode 100644 integrated-guimorph-development_EOC/Project/GUImorphDevelopment/R/3dDigitize.curve.r.bak-20260711-120407
 delete mode 100644 integrated-guimorph-development_EOC/Project/GUImorphDevelopment/R/3dDigitize.curve.r.bak-20260711-140409
 delete mode 100644 integrated-guimorph-development_EOC/Project/GUImorphDevelopment/R/3dDigitize.curve.r.bak-20260711-142152
 delete mode 100644 integrated-guimorph-development_EOC/Project/GUImorphDevelopment/R/3dDigitize.digitize.r.bak-20260711-120407
 delete mode 100644 integrated-guimorph-development_EOC/Project/GUImorphDevelopment/R/3dDigitize.digitize.r.bak-20260711-140409
 delete mode 100644 integrated-guimorph-development_EOC/Project/GUImorphDevelopment/R/3dDigitize.digitize.r.bak-20260711-142152
 delete mode 100644 integrated-guimorph-development_EOC/Project/GUImorphDevelopment/R/3dDigitize.digitize.r.bak-20260711-142624
 delete mode 100644 integrated-guimorph-development_EOC/Project/GUImorphDevelopment/R/3dDigitize.digitize.r.orig-bak
 delete mode 100644 integrated-guimorph-development_EOC/Project/GUImorphDevelopment/R/3dDigitize.geomorph.r.bak-20260711-120407
 delete mode 100644 integrated-guimorph-development_EOC/Project/GUImorphDevelopment/R/3dDigitize.geomorph.r.bak-20260711-140409
 delete mode 100644 integrated-guimorph-development_EOC/Project/GUImorphDevelopment/R/3dDigitize.geomorph.r.bak-20260711-142152
 delete mode 100644 integrated-guimorph-development_EOC/Project/GUImorphDevelopment/R/3dDigitize.geomorph.r.bak-20260711-172039
 delete mode 100644 integrated-guimorph-development_EOC/Project/GUImorphDevelopment/R/3dDigitize.geomorph.r.bak-20260711-175931
 delete mode 100644 integrated-guimorph-development_EOC/Project/GUImorphDevelopment/R/3dDigitize.geomorph.r.bak-20260711-213928
 delete mode 100644 integrated-guimorph-development_EOC/Project/GUImorphDevelopment/R/3dDigitize.geomorph.r.bak-20260711-214425
 delete mode 100644 integrated-guimorph-development_EOC/Project/GUImorphDevelopment/R/3dDigitize.geomorph.r.bak-20260712-110228
 delete mode 100644 integrated-guimorph-development_EOC/Project/GUImorphDevelopment/R/3dDigitize.geomorph.r.bak-20260712-112136
 delete mode 100644 integrated-guimorph-development_EOC/Project/GUImorphDevelopment/R/3dDigitize.geomorph.r.pre-plots-bak
 delete mode 100644 integrated-guimorph-development_EOC/Project/GUImorphDevelopment/R/3dDigitize.main.r.bak-20260707-094543
 delete mode 100644 integrated-guimorph-development_EOC/Project/GUImorphDevelopment/R/3dDigitize.main.r.bak-20260707-101023
 delete mode 100644 integrated-guimorph-development_EOC/Project/GUImorphDevelopment/R/3dDigitize.main.r.bak-20260711-120407
 delete mode 100644 integrated-guimorph-development_EOC/Project/GUImorphDevelopment/R/3dDigitize.main.r.bak-20260711-140409
 delete mode 100644 integrated-guimorph-development_EOC/Project/GUImorphDevelopment/R/3dDigitize.main.r.bak-20260711-142152
 delete mode 100644 integrated-guimorph-development_EOC/Project/GUImorphDevelopment/R/3dDigitize.main.r.bak-20260711-212743
 delete mode 100644 integrated-guimorph-development_EOC/Project/GUImorphDevelopment/R/3dDigitize.main.r.bak-20260711-221311
 delete mode 100644 integrated-guimorph-development_EOC/Project/GUImorphDevelopment/R/3dDigitize.main.r.bak-20260712-065610
 delete mode 100644 integrated-guimorph-development_EOC/Project/GUImorphDevelopment/R/3dDigitize.main.r.bak-20260712-110228
 delete mode 100644 integrated-guimorph-development_EOC/Project/GUImorphDevelopment/R/3dDigitize.main.r.orig-bak
 delete mode 100644 integrated-guimorph-development_EOC/Project/GUImorphDevelopment/R/3dDigitize.main.r.pre-merge-bak
 delete mode 100644 integrated-guimorph-development_EOC/Project/GUImorphDevelopment/R/3dDigitize.surface.r.bak-20260711-120407
 delete mode 100644 integrated-guimorph-development_EOC/Project/GUImorphDevelopment/R/3dDigitize.surface.r.bak-20260711-140409
 delete mode 100644 integrated-guimorph-development_EOC/Project/GUImorphDevelopment/R/3dDigitize.surface.r.bak-20260711-142152
 delete mode 100644 integrated-guimorph-development_EOC/Project/GUImorphDevelopment/R/geomorph.support.code.r.bak-20260711-140409
 delete mode 100644 integrated-guimorph-development_EOC/Project/GUImorphDevelopment/R/geomorph.support.code.r.bak-20260711-142152
 delete mode 100644 integrated-guimorph-development_EOC/Project/GUImorphDevelopment/R/geomorph.support.code.r.bak-20260711-203316
 delete mode 100644 integrated-guimorph-development_EOC/Project/GUImorphDevelopment/R/rtkogl.R.bak-20260711-120407
 delete mode 100644 integrated-guimorph-development_EOC/Project/GUImorphDevelopment/R/rtkogl.R.bak-20260711-122643
 delete mode 100644 integrated-guimorph-development_EOC/Project/GUImorphDevelopment/R/rtkogl.R.bak-20260711-140409
 delete mode 100644 integrated-guimorph-development_EOC/Project/GUImorphDevelopment/R/rtkogl.R.bak-20260711-142152
 delete mode 100644 integrated-guimorph-development_EOC/Project/GUImorphDevelopment/R/rtkogl.R.bak-20260711-180110
 delete mode 100644 integrated-guimorph-development_EOC/Project/GUImorphDevelopment/R/rtkogl.R.bak-20260712-073536

C:\dev\GUImorph-clean>git push origin macos-testgit ls-files integrated-guimorph-development_EOC/Project/GUImorphDevelopment/R
error: src refspec macos-testgit does not match any
error: src refspec ls-files does not match any
error: src refspec integrated-guimorph-development_EOC/Project/GUImorphDevelopment/R does not match any
error: failed to push some refs to 'https://github.com/dreoc/GUImorph.git'

C:\dev\GUImorph-clean>
